\BOOKMARK [0][-]{chapter.1}{\376\377\000X\000s\000o\000n\000a\000l\000a\000e\000\040\000X\000s\000o\000n\000a\000l\000e\000a}{}% 1
\BOOKMARK [1][-]{section.1.1}{\376\377\000E\000l\000\040\000s\000e\000x\000o\000\040\000d\000e\000l\000\040\000O\000x\000x\000o}{chapter.1}% 2
\BOOKMARK [2][-]{subsection.1.1.1}{\376\377\000E\000l\000\040\000s\000e\000x\000o\000\040\000e\000n\000\040\000e\000x\000c\000e\000s\000o}{section.1.1}% 3
\BOOKMARK [1][-]{section.1.2}{\376\377\000P\000e\000n\000e\000\040\000d\000e\000\040\000m\000o\000n\000i\000c\000a\000c\000o}{chapter.1}% 4
